// Jest Snapshot v1, https://goo.gl/fbAQLP

exports[`matches snapshot 1`] = `
<div
  className="jobs"
>
  <p>
    Loading...
  </p>
</div>
`;
