// Jest Snapshot v1, https://goo.gl/fbAQLP

exports[`matches snapshot 1`] = `
<div
  className="Profile"
>
  <h1>
    Profile
  </h1>
  <form
    className="Profile"
    onSubmit={[Function]}
  >
    <label
      htmlFor="username"
    >
      Username
    </label>
    <p />
    <label
      htmlFor="first_name"
    >
      First name
    </label>
    <input
      id="first_name"
      name="first_name"
      onChange={[Function]}
    />
    <label
      htmlFor="last_name"
    >
      Last name
    </label>
    <input
      id="last_name"
      name="last_name"
      onChange={[Function]}
    />
    <label
      htmlFor="email"
    >
      Email
    </label>
    <input
      id="email"
      name="email"
      onChange={[Function]}
    />
    <label
      htmlFor="photo_url"
    >
      Photo URL
    </label>
    <input
      id="photo_url"
      name="photo_url"
      onChange={[Function]}
      value=""
    />
    <button>
      Submit
    </button>
    <b>
       
       
    </b>
  </form>
</div>
`;
