// Jest Snapshot v1, https://goo.gl/fbAQLP

exports[`matches snapshot 1`] = `
<div
  className="Home"
>
  <h1>
    Jobly
  </h1>
  <h4>
    All the jobs in one, convenient place
  </h4>
  <Link
    className="Home-button"
    to="/login"
  >
    Login
  </Link>
</div>
`;
